
 colors

 Start     Length     Name                   Class
 0001:0000 007E8H     COLORS_TEXT            CODE
 0001:07E8 01A4CH     _TEXT                  CODE
 0001:2234 00000H     C_ETEXT                ENDCODE
 0002:0000 003AAH     FAR_BSS                FAR_BSS
 0003:0000 00042H     NULL                   BEGDATA
 0003:0042 011A8H     _DATA                  DATA
 0003:11EA 0000EH     CDATA                  DATA
 0003:11F8 00000H     XIFB                   DATA
 0003:11F8 00000H     XIF                    DATA
 0003:11F8 00000H     XIFE                   DATA
 0003:11F8 00000H     XIB                    DATA
 0003:11F8 00000H     XI                     DATA
 0003:11F8 00000H     XIE                    DATA
 0003:11F8 00000H     XPB                    DATA
 0003:11F8 00004H     XP                     DATA
 0003:11FC 00000H     XPE                    DATA
 0003:11FC 00000H     XCB                    DATA
 0003:11FC 00000H     XC                     DATA
 0003:11FC 00000H     XCE                    DATA
 0003:11FC 00000H     XCFB                   DATA
 0003:11FC 00000H     XCF                    DATA
 0003:11FC 00000H     XCFE                   DATA
 0003:11FC 0000AH     CONST                  CONST
 0003:1206 00008H     HDR                    MSG
 0003:120E 000FAH     MSG                    MSG
 0003:1308 00002H     PAD                    MSG
 0003:130A 00001H     EPAD                   MSG
 0003:130C 00194H     _BSS                   BSS
 0003:14A0 00000H     XOB                    BSS
 0003:14A0 00000H     XO                     BSS
 0003:14A0 00000H     XOE                    BSS
 0003:14A0 00000H     c_common               BSS
 0003:14A0 01000H     STACK                  STACK

 Origin   Group
 0003:0   DGROUP

Program entry point at 0001:07F8
