
 gettext

 Start     Length     Name                   Class
 0001:0000 01102H     GETTEXT_TEXT           CODE
 0002:0000 00089H     _TEXT                  CODE
 0003:0000 000D6H     _DATA                  DATA
 0003:00D6 00018H     CONST                  CONST
 0003:00EE 000C0H     _BSS                   BSS
 0003:01B0 00000H     c_common               BSS
 0004:0000 000D2H     FAR_BSS                FAR_BSS

 Origin   Group
 0003:0   DGROUP

 Address   Export                  Alias

 0001:0062 GETOBJECTTEXT           GETOBJECTTEXT
 0001:0DE6 INPUTHOOKPROC           INPUTHOOKPROC

  Address         Publics by Name

 0000:0000  Imp  DEVQUERYCAPS         (PMGPI.6)
 0000:0000  Imp  DOSALLOCSEG          (DOSCALLS.34)
 0000:0000  Imp  DOSBEEP              (DOSCALLS.50)
 0000:0000  Imp  DOSCREATETHREAD      (DOSCALLS.145)
 0000:0000  Imp  DOSFREESEG           (DOSCALLS.39)
 0000:0000  Imp  DOSGETMODHANDLE      (DOSCALLS.47)
 0000:0000  Imp  DOSGETSEG            (DOSCALLS.121)
 0000:0000  Imp  DOSGIVESEG           (DOSCALLS.37)
 0000:0000  Imp  DOSSEMCLEAR          (DOSCALLS.141)
 0000:0000  Imp  DOSSEMSET            (DOSCALLS.143)
 0000:0000  Imp  DOSSEMWAIT           (DOSCALLS.142)
 0000:0000  Imp  DOSSETPRTY           (DOSCALLS.11)
 0000:0000  Imp  DOSSIZESEG           (DOSCALLS.126)
 0001:0062       GETOBJECTTEXT
 0000:0000  Imp  GREENTRY4            (PMGRE.14)
 0001:0DE6       INPUTHOOKPROC
 0003:0076       QUERYTEXT
 0000:0000  Imp  RXVAR                (REXX.RXVAR)
 0001:07F8       SPYWINDOWPROC
 0000:0000  Imp  VIOREADCHARSTR       (VIOCALLS.30)
 0000:0000  Imp  WINADDATOM           (PMWIN.235)
 0000:0000  Imp  WINCLOSECLIPBRD      (PMWIN.112)
 0000:0000  Imp  WINCREATEMSGQUEUE    (PMWIN.58)
 0000:0000  Imp  WINCREATEWINDOW      (PMWIN.6)
 0000:0000  Imp  WINDEFWINDOWPROC     (PMWIN.178)
 0000:0000  Imp  WINDESTROYMSGQUEUE   (PMWIN.59)
 0000:0000  Imp  WINDESTROYWINDOW     (PMWIN.7)
 0000:0000  Imp  WINDISPATCHMSG       (PMWIN.68)
 0000:0000  Imp  WINFINDATOM          (PMWIN.236)
 0000:0000  Imp  WINGETLASTERROR      (PMWIN.243)
 0000:0000  Imp  WINGETMSG            (PMWIN.65)
 0000:0000  Imp  WININITIALIZE        (PMWIN.246)
 0000:0000  Imp  WINMESSAGEBOX        (PMWIN.139)
 0000:0000  Imp  WINMSGSEMWAIT        (PMWIN.274)
 0000:0000  Imp  WINOPENCLIPBRD       (PMWIN.111)
 0000:0000  Imp  WINPOSTMSG           (PMWIN.69)
 0000:0000  Imp  WINQUERYATOMNAME     (PMWIN.240)
 0000:0000  Imp  WINQUERYCLASSNAME    (PMWIN.4)
 0000:0000  Imp  WINQUERYCLIPBRDDATA  (PMWIN.117)
 0000:0000  Imp  WINQUERYCLIPBRDFMTINFO (PMWIN.119)
 0000:0000  Imp  WINQUERYDESKTOPWINDOW (PMWIN.1)
 0000:0000  Imp  WINQUERYPOINTERPOS   (PMWIN.96)
 0000:0000  Imp  WINQUERYSYSTEMATOMTABLE (PMWIN.241)
 0000:0000  Imp  WINQUERYWINDOW       (PMWIN.25)
 0000:0000  Imp  WINQUERYWINDOWDC     (PMWIN.265)
 0000:0000  Imp  WINQUERYWINDOWPROCESS (PMWIN.27)
 0000:0000  Imp  WINQUERYWINDOWTEXT   (PMWIN.17)
 0000:0000  Imp  WINQUERYWINDOWTEXTLENGTH (PMWIN.18)
 0000:0000  Imp  WINREGISTERCLASS     (PMWIN.3)
 0000:0000  Imp  WINREGISTERUSERMSG   (PMWIN.608)
 0000:0000  Imp  WINRELEASEHOOK       (PMWIN.110)
 0000:0000  Imp  WINSENDMSG           (PMWIN.61)
 0000:0000  Imp  WINSETHOOK           (PMWIN.109)
 0000:0000  Imp  WINTERMINATE         (PMWIN.247)
 0000:0000  Imp  WINWINDOWFROMPOINT   (PMWIN.35)
 0004:001A       _AtomTable
 0004:0036       _Buffer
 0004:008E       _Buffer1
 0004:0030       _CBP_Sel
 0004:00CE       _ErrorId
 0004:0062       _Field
 0004:0016       _hab
 0004:0014       _hDll
 0004:0032       _hSpyWindow
 0002:0000       _itoa
 0004:0022       _Length
 0002:001C       _ltoa
 0004:0026       _MemSem
 0004:002C       _MemSemHK
 0004:002A       _SelStack
 0003:0002       _Sem
 0003:0006       _SemHK
 0004:001E       _StackPtr
 0003:0000       _ThreadId
 0004:0000       _WCButton
 0004:0066       _WCComboBox
 0004:00BA       _WCEntryField
 0004:003A       _WCFrame
 0004:0092       _WCListBox
 0004:00A6       _WCMle
 0004:007A       _WCScrollBar
 0004:004E       _WCStatic
 0002:0026       __cltoasub
 0002:0033       __cxtoa

  Address         Publics by Value

 0000:0000  Imp  WINCREATEWINDOW      (PMWIN.6)
 0000:0000  Imp  WINDISPATCHMSG       (PMWIN.68)
 0000:0000  Imp  WINCREATEMSGQUEUE    (PMWIN.58)
 0000:0000  Imp  DOSFREESEG           (DOSCALLS.39)
 0000:0000  Imp  WININITIALIZE        (PMWIN.246)
 0000:0000  Imp  WINMSGSEMWAIT        (PMWIN.274)
 0000:0000  Imp  DOSSEMSET            (DOSCALLS.143)
 0000:0000  Imp  WINQUERYWINDOWPROCESS (PMWIN.27)
 0000:0000  Imp  WINQUERYSYSTEMATOMTABLE (PMWIN.241)
 0000:0000  Imp  WINQUERYDESKTOPWINDOW (PMWIN.1)
 0000:0000  Imp  WINSENDMSG           (PMWIN.61)
 0000:0000  Imp  WINGETMSG            (PMWIN.65)
 0000:0000  Imp  DOSGETSEG            (DOSCALLS.121)
 0000:0000  Imp  WINQUERYWINDOWTEXT   (PMWIN.17)
 0000:0000  Imp  WINREGISTERUSERMSG   (PMWIN.608)
 0000:0000  Imp  WINPOSTMSG           (PMWIN.69)
 0000:0000  Imp  WINQUERYWINDOW       (PMWIN.25)
 0000:0000  Imp  DOSSETPRTY           (DOSCALLS.11)
 0000:0000  Imp  WINQUERYCLIPBRDDATA  (PMWIN.117)
 0000:0000  Imp  WINRELEASEHOOK       (PMWIN.110)
 0000:0000  Imp  DOSGIVESEG           (DOSCALLS.37)
 0000:0000  Imp  WINQUERYCLIPBRDFMTINFO (PMWIN.119)
 0000:0000  Imp  WINQUERYWINDOWTEXTLENGTH (PMWIN.18)
 0000:0000  Imp  DOSCREATETHREAD      (DOSCALLS.145)
 0000:0000  Imp  RXVAR                (REXX.RXVAR)
 0000:0000  Imp  GREENTRY4            (PMGRE.14)
 0000:0000  Imp  WINTERMINATE         (PMWIN.247)
 0000:0000  Imp  DEVQUERYCAPS         (PMGPI.6)
 0000:0000  Imp  WINWINDOWFROMPOINT   (PMWIN.35)
 0000:0000  Imp  WINSETHOOK           (PMWIN.109)
 0000:0000  Imp  WINGETLASTERROR      (PMWIN.243)
 0000:0000  Imp  DOSSIZESEG           (DOSCALLS.126)
 0000:0000  Imp  DOSSEMWAIT           (DOSCALLS.142)
 0000:0000  Imp  WINDESTROYWINDOW     (PMWIN.7)
 0000:0000  Imp  WINQUERYATOMNAME     (PMWIN.240)
 0000:0000  Imp  VIOREADCHARSTR       (VIOCALLS.30)
 0000:0000  Imp  WINQUERYWINDOWDC     (PMWIN.265)
 0000:0000  Imp  DOSBEEP              (DOSCALLS.50)
 0000:0000  Imp  WINCLOSECLIPBRD      (PMWIN.112)
 0000:0000  Imp  WINMESSAGEBOX        (PMWIN.139)
 0000:0000  Imp  WINDESTROYMSGQUEUE   (PMWIN.59)
 0000:0000  Imp  WINADDATOM           (PMWIN.235)
 0000:0000  Imp  DOSSEMCLEAR          (DOSCALLS.141)
 0000:0000  Imp  WINREGISTERCLASS     (PMWIN.3)
 0000:0000  Imp  DOSALLOCSEG          (DOSCALLS.34)
 0000:0000  Imp  DOSGETMODHANDLE      (DOSCALLS.47)
 0000:0000  Imp  WINOPENCLIPBRD       (PMWIN.111)
 0000:0000  Imp  WINQUERYPOINTERPOS   (PMWIN.96)
 0000:0000  Imp  WINFINDATOM          (PMWIN.236)
 0000:0000  Imp  WINQUERYCLASSNAME    (PMWIN.4)
 0000:0000  Imp  WINDEFWINDOWPROC     (PMWIN.178)
 0001:0062       GETOBJECTTEXT
 0001:07F8       SPYWINDOWPROC
 0001:0DE6       INPUTHOOKPROC
 0002:0000       _itoa
 0002:001C       _ltoa
 0002:0026       __cltoasub
 0002:0033       __cxtoa
 0003:0000       _ThreadId
 0003:0002       _Sem
 0003:0006       _SemHK
 0003:0076       QUERYTEXT
 0004:0000       _WCButton
 0004:0014       _hDll
 0004:0016       _hab
 0004:001A       _AtomTable
 0004:001E       _StackPtr
 0004:0022       _Length
 0004:0026       _MemSem
 0004:002A       _SelStack
 0004:002C       _MemSemHK
 0004:0030       _CBP_Sel
 0004:0032       _hSpyWindow
 0004:0036       _Buffer
 0004:003A       _WCFrame
 0004:004E       _WCStatic
 0004:0062       _Field
 0004:0066       _WCComboBox
 0004:007A       _WCScrollBar
 0004:008E       _Buffer1
 0004:0092       _WCListBox
 0004:00A6       _WCMle
 0004:00BA       _WCEntryField
 0004:00CE       _ErrorId
