
 RESETTPS

 Start     Length     Name                   Class
 0001:0000 00639H     _TEXT                  CODE
 0001:063A 00000H     C_ETEXT                ENDCODE
 0002:0000 00042H     NULL                   BEGDATA
 0002:0042 004B0H     _DATA                  DATA
 0002:04F2 0000EH     CDATA                  DATA
 0002:0500 00000H     XIFB                   DATA
 0002:0500 00000H     XIF                    DATA
 0002:0500 00000H     XIFE                   DATA
 0002:0500 00000H     XIB                    DATA
 0002:0500 00000H     XI                     DATA
 0002:0500 00000H     XIE                    DATA
 0002:0500 00000H     XPB                    DATA
 0002:0500 00000H     XP                     DATA
 0002:0500 00000H     XPE                    DATA
 0002:0500 00000H     XCB                    DATA
 0002:0500 00000H     XC                     DATA
 0002:0500 00000H     XCE                    DATA
 0002:0500 00000H     XCFB                   DATA
 0002:0500 00000H     XCF                    DATA
 0002:0500 00000H     XCFE                   DATA
 0002:0500 00000H     CONST                  CONST
 0002:0500 00008H     HDR                    MSG
 0002:0508 000FAH     MSG                    MSG
 0002:0602 00002H     PAD                    MSG
 0002:0604 00001H     EPAD                   MSG
 0002:0606 00000H     _BSS                   BSS
 0002:0606 00000H     XOB                    BSS
 0002:0606 00000H     XO                     BSS
 0002:0606 00000H     XOE                    BSS
 0002:0610 01000H     STACK                  STACK

 Origin   Group
 0002:0   DGROUP

  Address         Publics by Name

 0000:0000  Imp  DOSBEEP              (DOSCALLS.50)
 0000:0000  Imp  DOSEXIT              (DOSCALLS.5)
 0000:0000  Imp  DOSFREESEG           (DOSCALLS.39)
 0000:0000  Imp  DOSGETDBCSEV         (NLS.4)
 0000:0000  Imp  DOSGETMACHINEMODE    (DOSCALLS.49)
 0000:0000  Imp  DOSGETSHRSEG         (DOSCALLS.36)
 0000:0000  Imp  DOSGETVERSION        (DOSCALLS.92)
 0000:0000  Imp  DOSOPENSEM           (DOSCALLS.25)
 0000:0000  Imp  DOSQHANDTYPE         (DOSCALLS.77)
 0000:0000  Imp  DOSREALLOCSEG        (DOSCALLS.38)
 0000:0000  Imp  DOSSEMCLEAR          (DOSCALLS.141)
 0000:0000  Imp  DOSSEMREQUEST        (DOSCALLS.140)
 0000:0000  Imp  DOSSETVEC            (DOSCALLS.89)
 0000:0000  Imp  DOSWRITE             (DOSCALLS.138)
 0002:04F0       STKHQQ
 0002:0606       _edata
 0002:0610       _end
 0002:04CD       _environ
 0002:0496       _errno
 0001:0254       _exit
 0001:0010       _main
 0002:0476       __abrkp
 0002:0076       __abrktb
 0002:0476       __abrktbe
 0002:0478       __acfinfo
 0002:006C       __acmdln
 0000:9876  Abs  __acrtmsg
 0000:9876  Abs  __acrtused
 0000:D6D6  Abs  __aDBdoswp
 0002:04D6       __adbgmsg
 0000:D6D6  Abs  __aDBused
 0002:006E       __aenvseg
 0002:0074       __aexit_rtn
 0001:014A       __amsg_exit
 0002:0042       __anullsize
 0002:0486       __aseghi
 0002:0488       __aseglo
 0002:0070       __asizds
 0001:00EE       __astart
 0002:0072       __atopsp
 0002:04D3       __child
 0001:0622       __chkstk
 0001:01CA       __cinit
 0001:0140       __cintDIV
 0001:02A2       __ctermsub
 0002:049D       __doserrno
 0002:049C       __dosmode
 0002:049A       __dosvermajor
 0002:049B       __dosverminor
 0001:026B       __exit
 0002:048E       __fac
 0001:02D2       __FF_MSGBANNER
 0002:04F4       __fpinit
 0001:05B8       __fptrap
 0002:049F       __nfile
 0001:036A       __NMSG_TEXT
 0001:039A       __NMSG_WRITE
 0001:05BE       __nullcheck
 0002:049D       __oserr
 0002:04A1       __osfile
 0002:049A       __osmajor
 0002:049B       __osminor
 0002:049C       __osmode
 0002:049A       __osversion
 0002:04CF       __pgmptr
 0002:04B5       __pipe
 0001:03CE       __setargv
 0001:02F2       __setenvp
 0001:05E0       __stdalloc
 0002:0498       __umaskval
 0002:048C       ___aDBrterr
 0002:048A       ___aDBswpflg
 0002:04C9       ___argc
 0002:04CB       ___argv

  Address         Publics by Value

 0000:0000  Imp  DOSREALLOCSEG        (DOSCALLS.38)
 0000:0000  Imp  DOSSEMREQUEST        (DOSCALLS.140)
 0000:0000  Imp  DOSFREESEG           (DOSCALLS.39)
 0000:0000  Imp  DOSGETDBCSEV         (NLS.4)
 0000:0000  Imp  DOSGETMACHINEMODE    (DOSCALLS.49)
 0000:0000  Imp  DOSSETVEC            (DOSCALLS.89)
 0000:0000  Imp  DOSBEEP              (DOSCALLS.50)
 0000:0000  Imp  DOSEXIT              (DOSCALLS.5)
 0000:0000  Imp  DOSGETSHRSEG         (DOSCALLS.36)
 0000:0000  Imp  DOSGETVERSION        (DOSCALLS.92)
 0000:0000  Imp  DOSSEMCLEAR          (DOSCALLS.141)
 0000:0000  Imp  DOSQHANDTYPE         (DOSCALLS.77)
 0000:0000  Imp  DOSWRITE             (DOSCALLS.138)
 0000:0000  Imp  DOSOPENSEM           (DOSCALLS.25)
 0000:9876  Abs  __acrtused
 0000:9876  Abs  __acrtmsg
 0000:D6D6  Abs  __aDBdoswp
 0000:D6D6  Abs  __aDBused
 0001:0010       _main
 0001:00EE       __astart
 0001:0140       __cintDIV
 0001:014A       __amsg_exit
 0001:01CA       __cinit
 0001:0254       _exit
 0001:026B       __exit
 0001:02A2       __ctermsub
 0001:02D2       __FF_MSGBANNER
 0001:02F2       __setenvp
 0001:036A       __NMSG_TEXT
 0001:039A       __NMSG_WRITE
 0001:03CE       __setargv
 0001:05B8       __fptrap
 0001:05BE       __nullcheck
 0001:05E0       __stdalloc
 0001:0622       __chkstk
 0002:0042       __anullsize
 0002:006C       __acmdln
 0002:006E       __aenvseg
 0002:0070       __asizds
 0002:0072       __atopsp
 0002:0074       __aexit_rtn
 0002:0076       __abrktb
 0002:0476       __abrktbe
 0002:0476       __abrkp
 0002:0478       __acfinfo
 0002:0486       __aseghi
 0002:0488       __aseglo
 0002:048A       ___aDBswpflg
 0002:048C       ___aDBrterr
 0002:048E       __fac
 0002:0496       _errno
 0002:0498       __umaskval
 0002:049A       __dosvermajor
 0002:049A       __osversion
 0002:049A       __osmajor
 0002:049B       __osminor
 0002:049B       __dosverminor
 0002:049C       __dosmode
 0002:049C       __osmode
 0002:049D       __oserr
 0002:049D       __doserrno
 0002:049F       __nfile
 0002:04A1       __osfile
 0002:04B5       __pipe
 0002:04C9       ___argc
 0002:04CB       ___argv
 0002:04CD       _environ
 0002:04CF       __pgmptr
 0002:04D3       __child
 0002:04D6       __adbgmsg
 0002:04F0       STKHQQ
 0002:04F4       __fpinit
 0002:0606       _edata
 0002:0610       _end

Program entry point at 0001:00EE
